// Jest Snapshot v1, https://goo.gl/fbAQLP

exports[`Test Splash Screen Component Should render component 1`] = `[Function]`;
