// Jest Snapshot v1, https://goo.gl/fbAQLP

exports[`Test shared Product Component Should render component 1`] = `[Function]`;
