// Jest Snapshot v1, https://goo.gl/fbAQLP

exports[`Test SuccessPay Component Should render component 1`] = `[Function]`;
