// Jest Snapshot v1, https://goo.gl/fbAQLP

exports[`Test shared ProductCart Component Should render component 1`] = `[Function]`;
